
================================================================================
  🚀 HRIMS Data Fetch Script (Axios Implementation)
================================================================================
Started at: 2026-07-16 09:43:12
Timeout per institution: 30 minutes
Retries: DISABLED (single attempt only)
================================================================================

[2026-07-16 09:43:12] ℹ️  Authenticating as admin (MFA via DB-read OTP)...
[2026-07-16 09:43:13] ℹ️  Logged in as ymrajab (userId=cme56ma17000x2btjnpvgr0kg), MFA required
[2026-07-16 09:43:13] ℹ️  Retrieved OTP from DB (length=6)
[2026-07-16 09:43:13] ✅ MFA verified — session cookie acquired
[2026-07-16 09:43:13] ℹ️  Authentication complete — proceeding with fetch

[2026-07-16 09:43:13] ℹ️  Loading institutions from database...
[2026-07-16 09:43:13] ℹ️  Found 75 institutions


[1/75] ======================================================================
[1/75] Institution: AFISI YA MKURUGENZI WA MASHTAKA
[1/75] ======================================================================
[2026-07-16 09:43:13] ℹ️  Fetching: AFISI YA MKURUGENZI WA MASHTAKA
[2026-07-16 09:43:13] ℹ️    Using votecode: 029
[2026-07-16 09:43:13] ✅ AFISI YA MKURUGENZI WA MASHTAKA: Fetched 0 employees (0m 0s)
[2026-07-16 09:43:13] ℹ️  Pausing 15s before next institution...


[2/75] ======================================================================
[2/75] Institution: AFISI YA MWANASHERIA MKUU
[2/75] ======================================================================
[2026-07-16 09:43:28] ℹ️  Fetching: AFISI YA MWANASHERIA MKUU
[2026-07-16 09:43:28] ℹ️    Using votecode: 028
[2026-07-16 09:43:28] ✅ AFISI YA MWANASHERIA MKUU: Fetched 0 employees (0m 0s)
[2026-07-16 09:43:28] ℹ️  Pausing 15s before next institution...


[3/75] ======================================================================
[3/75] Institution: AFISI YA RAISI KAZI, UCHUMI NA UWEKEZAJI
[3/75] ======================================================================
[2026-07-16 09:43:43] ℹ️  Fetching: AFISI YA RAISI KAZI, UCHUMI NA UWEKEZAJI
[2026-07-16 09:43:43] ℹ️    Using votecode: 006
[2026-07-16 09:43:43] ✅ AFISI YA RAISI KAZI, UCHUMI NA UWEKEZAJI: Fetched 0 employees (0m 0s)
[2026-07-16 09:43:43] ℹ️  Pausing 15s before next institution...


[4/75] ======================================================================
[4/75] Institution: Baraza la Jiji
[4/75] ======================================================================
[2026-07-16 09:43:58] ℹ️  Fetching: Baraza la Jiji
[2026-07-16 09:43:58] ℹ️    Using votecode: 201
[2026-07-16 09:43:58] ✅ Baraza la Jiji: Fetched 0 employees (0m 0s)
[2026-07-16 09:43:58] ℹ️  Pausing 15s before next institution...


[5/75] ======================================================================
[5/75] Institution: Baraza la Manispaa Magharibi A
[5/75] ======================================================================
[2026-07-16 09:44:13] ℹ️  Fetching: Baraza la Manispaa Magharibi A
[2026-07-16 09:44:13] ℹ️    Using votecode: 203
[2026-07-16 09:44:13] ✅ Baraza la Manispaa Magharibi A: Fetched 0 employees (0m 0s)
[2026-07-16 09:44:13] ℹ️  Pausing 15s before next institution...


[6/75] ======================================================================
[6/75] Institution: Baraza la Manispaa Magharibi B
[6/75] ======================================================================
[2026-07-16 09:44:28] ℹ️  Fetching: Baraza la Manispaa Magharibi B
[2026-07-16 09:44:28] ℹ️    Using votecode: 204
[2026-07-16 09:44:28] ✅ Baraza la Manispaa Magharibi B: Fetched 0 employees (0m 0s)
[2026-07-16 09:44:28] ℹ️  Pausing 15s before next institution...


[7/75] ======================================================================
[7/75] Institution: Baraza la Manispaa Mjini Unguja
[7/75] ======================================================================
[2026-07-16 09:44:43] ℹ️  Fetching: Baraza la Manispaa Mjini Unguja
[2026-07-16 09:44:43] ℹ️    Using votecode: 202
[2026-07-16 09:44:43] ✅ Baraza la Manispaa Mjini Unguja: Fetched 0 employees (0m 0s)
[2026-07-16 09:44:43] ℹ️  Pausing 15s before next institution...


[8/75] ======================================================================
[8/75] Institution: Baraza la Mapinduzi
[8/75] ======================================================================
[2026-07-16 09:44:58] ℹ️  Fetching: Baraza la Mapinduzi
[2026-07-16 09:44:58] ℹ️    Using votecode: A02
[2026-07-16 09:44:58] ✅ Baraza la Mapinduzi: Fetched 0 employees (0m 0s)
[2026-07-16 09:44:58] ℹ️  Pausing 15s before next institution...


[9/75] ======================================================================
[9/75] Institution: Baraza la Mitihani
[9/75] ======================================================================
[2026-07-16 09:45:13] ℹ️  Fetching: Baraza la Mitihani
[2026-07-16 09:45:13] ℹ️    Using votecode: 547
[2026-07-16 09:45:13] ✅ Baraza la Mitihani: Fetched 0 employees (0m 0s)
[2026-07-16 09:45:13] ℹ️  Pausing 15s before next institution...


[10/75] ======================================================================
[10/75] Institution: Baraza la Mji Chake Chake
[10/75] ======================================================================
[2026-07-16 09:45:28] ℹ️  Fetching: Baraza la Mji Chake Chake
[2026-07-16 09:45:28] ℹ️    Using votecode: 210
[2026-07-16 09:45:28] ✅ Baraza la Mji Chake Chake: Fetched 0 employees (0m 0s)
[2026-07-16 09:45:28] ℹ️  Pausing 15s before next institution...


[11/75] ======================================================================
[11/75] Institution: Baraza la Mji Kaskazini A Unguja
[11/75] ======================================================================
[2026-07-16 09:45:43] ℹ️  Fetching: Baraza la Mji Kaskazini A Unguja
[2026-07-16 09:45:43] ℹ️    Using votecode: 207
[2026-07-16 09:45:43] ✅ Baraza la Mji Kaskazini A Unguja: Fetched 0 employees (0m 0s)
[2026-07-16 09:45:43] ℹ️  Pausing 15s before next institution...


[12/75] ======================================================================
[12/75] Institution: Baraza la Mji Kaskazini B Unguja
[12/75] ======================================================================
[2026-07-16 09:45:58] ℹ️  Fetching: Baraza la Mji Kaskazini B Unguja
[2026-07-16 09:45:58] ℹ️    Using votecode: 208
[2026-07-16 09:45:58] ✅ Baraza la Mji Kaskazini B Unguja: Fetched 0 employees (0m 0s)
[2026-07-16 09:45:58] ℹ️  Pausing 15s before next institution...


[13/75] ======================================================================
[13/75] Institution: Baraza la Mji Kati Unguja
[13/75] ======================================================================
[2026-07-16 09:46:13] ℹ️  Fetching: Baraza la Mji Kati Unguja
[2026-07-16 09:46:13] ℹ️    Using votecode: 205
[2026-07-16 09:46:13] ✅ Baraza la Mji Kati Unguja: Fetched 0 employees (0m 0s)
[2026-07-16 09:46:13] ℹ️  Pausing 15s before next institution...


[14/75] ======================================================================
[14/75] Institution: Baraza la Mji Mkoani
[14/75] ======================================================================
[2026-07-16 09:46:28] ℹ️  Fetching: Baraza la Mji Mkoani
[2026-07-16 09:46:28] ℹ️    Using votecode: 209
[2026-07-16 09:46:29] ✅ Baraza la Mji Mkoani: Fetched 0 employees (0m 0s)
[2026-07-16 09:46:29] ℹ️  Pausing 15s before next institution...


[15/75] ======================================================================
[15/75] Institution: Baraza la Mji Wete
[15/75] ======================================================================
[2026-07-16 09:46:44] ℹ️  Fetching: Baraza la Mji Wete
[2026-07-16 09:46:44] ℹ️    Using votecode: 211
[2026-07-16 09:46:44] ✅ Baraza la Mji Wete: Fetched 0 employees (0m 0s)
[2026-07-16 09:46:44] ℹ️  Pausing 15s before next institution...


[16/75] ======================================================================
[16/75] Institution: Baraza la Taifa la Biashara
[16/75] ======================================================================
[2026-07-16 09:46:59] ℹ️  Fetching: Baraza la Taifa la Biashara
[2026-07-16 09:46:59] ℹ️    Using tin: 165388267
[2026-07-16 09:46:59] ✅ Baraza la Taifa la Biashara: Fetched 0 employees (0m 0s)
[2026-07-16 09:46:59] ℹ️  Pausing 15s before next institution...


[17/75] ======================================================================
[17/75] Institution: Bodi ya Huduma za Maktaba
[17/75] ======================================================================
[2026-07-16 09:47:14] ℹ️  Fetching: Bodi ya Huduma za Maktaba
[2026-07-16 09:47:14] ℹ️    Using votecode: 543
[2026-07-16 09:47:14] ✅ Bodi ya Huduma za Maktaba: Fetched 0 employees (0m 0s)
[2026-07-16 09:47:14] ℹ️  Pausing 15s before next institution...


[18/75] ======================================================================
[18/75] Institution: Chuo cha Kiislamu
[18/75] ======================================================================
[2026-07-16 09:47:29] ⚠️  Skipping: No vote number or TIN number

[19/75] ======================================================================
[19/75] Institution: Halmashauri ya Wilaya ya Kusini Unguja
[19/75] ======================================================================
[2026-07-16 09:47:29] ℹ️  Fetching: Halmashauri ya Wilaya ya Kusini Unguja
[2026-07-16 09:47:29] ℹ️    Using votecode: 206
[2026-07-16 09:47:29] ✅ Halmashauri ya Wilaya ya Kusini Unguja: Fetched 0 employees (0m 0s)
[2026-07-16 09:47:29] ℹ️  Pausing 15s before next institution...


[20/75] ======================================================================
[20/75] Institution: Halmashauri ya Wilaya ya Micheweni
[20/75] ======================================================================
[2026-07-16 09:47:44] ℹ️  Fetching: Halmashauri ya Wilaya ya Micheweni
[2026-07-16 09:47:44] ℹ️    Using votecode: 212
[2026-07-16 09:47:44] ✅ Halmashauri ya Wilaya ya Micheweni: Fetched 0 employees (0m 0s)
[2026-07-16 09:47:44] ℹ️  Pausing 15s before next institution...


[21/75] ======================================================================
[21/75] Institution: Hospitali ya Mnazi Mmoja
[21/75] ======================================================================
[2026-07-16 09:47:59] ℹ️  Fetching: Hospitali ya Mnazi Mmoja
[2026-07-16 09:47:59] ℹ️    Using votecode: 025
[2026-07-16 09:47:59] ✅ Hospitali ya Mnazi Mmoja: Fetched 0 employees (0m 0s)
[2026-07-16 09:47:59] ℹ️  Pausing 15s before next institution...


[22/75] ======================================================================
[22/75] Institution: JKU
[22/75] ======================================================================
[2026-07-16 09:48:14] ⚠️  Skipping: No vote number or TIN number

[23/75] ======================================================================
[23/75] Institution: KAMISHENI YA ARDHI ZANZIBAR
[23/75] ======================================================================
[2026-07-16 09:48:14] ℹ️  Fetching: KAMISHENI YA ARDHI ZANZIBAR
[2026-07-16 09:48:14] ℹ️    Using votecode: 520
[2026-07-16 09:48:14] ✅ KAMISHENI YA ARDHI ZANZIBAR: Fetched 0 employees (0m 0s)
[2026-07-16 09:48:14] ℹ️  Pausing 15s before next institution...


[24/75] ======================================================================
[24/75] Institution: Kamisheni ya Kazi
[24/75] ======================================================================
[2026-07-16 09:48:29] ℹ️  Fetching: Kamisheni ya Kazi
[2026-07-16 09:48:29] ℹ️    Using votecode: 573
[2026-07-16 09:48:29] ✅ Kamisheni ya Kazi: Fetched 0 employees (0m 0s)
[2026-07-16 09:48:29] ℹ️  Pausing 15s before next institution...


[25/75] ======================================================================
[25/75] Institution: KAMISHENI YA KUKABILIANA NA MAAFA ZANZIBAR
[25/75] ======================================================================
[2026-07-16 09:48:44] ℹ️  Fetching: KAMISHENI YA KUKABILIANA NA MAAFA ZANZIBAR
[2026-07-16 09:48:44] ℹ️    Using votecode: 510
[2026-07-16 09:48:44] ✅ KAMISHENI YA KUKABILIANA NA MAAFA ZANZIBAR: Fetched 0 employees (0m 0s)
[2026-07-16 09:48:44] ℹ️  Pausing 15s before next institution...


[26/75] ======================================================================
[26/75] Institution: KAMISHENI YA UTALII ZANZIBAR
[26/75] ======================================================================
[2026-07-16 09:48:59] ⚠️  Skipping: No vote number or TIN number

[27/75] ======================================================================
[27/75] Institution: KAMISHENI YA UTUMISHI WA UMMA
[27/75] ======================================================================
[2026-07-16 09:48:59] ℹ️  Fetching: KAMISHENI YA UTUMISHI WA UMMA
[2026-07-16 09:48:59] ℹ️    Using votecode: 036
[2026-07-16 09:48:59] ✅ KAMISHENI YA UTUMISHI WA UMMA: Fetched 0 employees (0m 0s)
[2026-07-16 09:48:59] ℹ️  Pausing 15s before next institution...


[28/75] ======================================================================
[28/75] Institution: MAMLAKA YA KUDHIBITI NA KUPAMBANA NA DAWA ZA KULEVYA ZANZIBAR
[28/75] ======================================================================
[2026-07-16 09:49:14] ℹ️  Fetching: MAMLAKA YA KUDHIBITI NA KUPAMBANA NA DAWA ZA KULEVYA ZANZIBAR
[2026-07-16 09:49:14] ℹ️    Using votecode: 032
[2026-07-16 09:49:14] ✅ MAMLAKA YA KUDHIBITI NA KUPAMBANA NA DAWA ZA KULEVYA ZANZIBAR: Fetched 0 employees (0m 0s)
[2026-07-16 09:49:14] ℹ️  Pausing 15s before next institution...


[29/75] ======================================================================
[29/75] Institution: MAMLAKA YA KUZUIA RUSHWA NA UHUJUMU WA UCHUMI ZANZIBAR
[29/75] ======================================================================
[2026-07-16 09:49:29] ℹ️  Fetching: MAMLAKA YA KUZUIA RUSHWA NA UHUJUMU WA UCHUMI ZANZIBAR
[2026-07-16 09:49:29] ℹ️    Using votecode: 035
[2026-07-16 09:49:29] ✅ MAMLAKA YA KUZUIA RUSHWA NA UHUJUMU WA UCHUMI ZANZIBAR: Fetched 0 employees (0m 0s)
[2026-07-16 09:49:29] ℹ️  Pausing 15s before next institution...


[30/75] ======================================================================
[30/75] Institution: Mamlaka ya Serikali Mtandao (eGAZ)
[30/75] ======================================================================
[2026-07-16 09:49:44] ℹ️  Fetching: Mamlaka ya Serikali Mtandao (eGAZ)
[2026-07-16 09:49:44] ℹ️    Using votecode: 038
[2026-07-16 09:49:44] ✅ Mamlaka ya Serikali Mtandao (eGAZ): Fetched 0 employees (0m 0s)
[2026-07-16 09:49:44] ℹ️  Pausing 15s before next institution...


[31/75] ======================================================================
[31/75] Institution: Mamlaka ya Uwezeshaji Wananchi Kiuchumi (ZEA)
[31/75] ======================================================================
[2026-07-16 09:49:59] ℹ️  Fetching: Mamlaka ya Uwezeshaji Wananchi Kiuchumi (ZEA)
[2026-07-16 09:49:59] ℹ️    Using votecode: 105
[2026-07-16 09:49:59] ✅ Mamlaka ya Uwezeshaji Wananchi Kiuchumi (ZEA): Fetched 0 employees (0m 0s)
[2026-07-16 09:49:59] ℹ️  Pausing 15s before next institution...


[32/75] ======================================================================
[32/75] Institution: Ofisi ya Hatimiliki (COSOZA)
[32/75] ======================================================================
[2026-07-16 09:50:14] ℹ️  Fetching: Ofisi ya Hatimiliki (COSOZA)
[2026-07-16 09:50:14] ℹ️    Using votecode: 558
[2026-07-16 09:50:14] ✅ Ofisi ya Hatimiliki (COSOZA): Fetched 0 employees (0m 0s)
[2026-07-16 09:50:14] ℹ️  Pausing 15s before next institution...


[33/75] ======================================================================
[33/75] Institution: OFISI YA MAKAMO WA KWANZA WA RAISI
[33/75] ======================================================================
[2026-07-16 09:50:29] ℹ️  Fetching: OFISI YA MAKAMO WA KWANZA WA RAISI
[2026-07-16 09:50:29] ℹ️    Using votecode: 002
[2026-07-16 09:50:29] ✅ OFISI YA MAKAMO WA KWANZA WA RAISI: Fetched 0 employees (0m 0s)
[2026-07-16 09:50:29] ℹ️  Pausing 15s before next institution...


[34/75] ======================================================================
[34/75] Institution: OFISI YA MAKAMO WA PILI WA RAISI
[34/75] ======================================================================
[2026-07-16 09:50:44] ℹ️  Fetching: OFISI YA MAKAMO WA PILI WA RAISI
[2026-07-16 09:50:44] ℹ️    Using votecode: 003
[2026-07-16 09:50:44] ✅ OFISI YA MAKAMO WA PILI WA RAISI: Fetched 0 employees (0m 0s)
[2026-07-16 09:50:44] ℹ️  Pausing 15s before next institution...


[35/75] ======================================================================
[35/75] Institution: Ofisi ya Mhasibu Mkuu wa Serikali
[35/75] ======================================================================
[2026-07-16 09:50:59] ℹ️  Fetching: Ofisi ya Mhasibu Mkuu wa Serikali
[2026-07-16 09:50:59] ℹ️    Using votecode: 022
[2026-07-16 09:50:59] ✅ Ofisi ya Mhasibu Mkuu wa Serikali: Fetched 0 employees (0m 0s)
[2026-07-16 09:50:59] ℹ️  Pausing 15s before next institution...


[36/75] ======================================================================
[36/75] Institution: OFISI YA MKAGUZI MKUU WA NDANI WA SERIKALI
[36/75] ======================================================================
[2026-07-16 09:51:14] ℹ️  Fetching: OFISI YA MKAGUZI MKUU WA NDANI WA SERIKALI
[2026-07-16 09:51:14] ℹ️    Using votecode: 052
[2026-07-16 09:51:14] ✅ OFISI YA MKAGUZI MKUU WA NDANI WA SERIKALI: Fetched 0 employees (0m 0s)
[2026-07-16 09:51:14] ℹ️  Pausing 15s before next institution...


[37/75] ======================================================================
[37/75] Institution: Ofisi ya Mkaguzi wa Elimu
[37/75] ======================================================================
[2026-07-16 09:51:29] ℹ️  Fetching: Ofisi ya Mkaguzi wa Elimu
[2026-07-16 09:51:29] ℹ️    Using votecode: 546
[2026-07-16 09:51:29] ✅ Ofisi ya Mkaguzi wa Elimu: Fetched 0 employees (0m 0s)
[2026-07-16 09:51:29] ℹ️  Pausing 15s before next institution...


[38/75] ======================================================================
[38/75] Institution: Ofisi ya Mkuu wa Mkoa wa Kaskazini Pemba
[38/75] ======================================================================
[2026-07-16 09:51:44] ℹ️  Fetching: Ofisi ya Mkuu wa Mkoa wa Kaskazini Pemba
[2026-07-16 09:51:44] ℹ️    Using votecode: 051
[2026-07-16 09:51:44] ✅ Ofisi ya Mkuu wa Mkoa wa Kaskazini Pemba: Fetched 0 employees (0m 0s)
[2026-07-16 09:51:44] ℹ️  Pausing 15s before next institution...


[39/75] ======================================================================
[39/75] Institution: Ofisi ya Mkuu wa Mkoa wa Kaskazini Unguja
[39/75] ======================================================================
[2026-07-16 09:51:59] ℹ️  Fetching: Ofisi ya Mkuu wa Mkoa wa Kaskazini Unguja
[2026-07-16 09:51:59] ℹ️    Using votecode: 048
[2026-07-16 09:51:59] ✅ Ofisi ya Mkuu wa Mkoa wa Kaskazini Unguja: Fetched 0 employees (0m 0s)
[2026-07-16 09:51:59] ℹ️  Pausing 15s before next institution...


[40/75] ======================================================================
[40/75] Institution: Ofisi ya Mkuu wa Mkoa wa Kusini Pemba
[40/75] ======================================================================
[2026-07-16 09:52:14] ℹ️  Fetching: Ofisi ya Mkuu wa Mkoa wa Kusini Pemba
[2026-07-16 09:52:14] ℹ️    Using votecode: 050
[2026-07-16 09:52:14] ✅ Ofisi ya Mkuu wa Mkoa wa Kusini Pemba: Fetched 0 employees (0m 0s)
[2026-07-16 09:52:14] ℹ️  Pausing 15s before next institution...


[41/75] ======================================================================
[41/75] Institution: Ofisi ya Mkuu wa Mkoa wa Kusini Unguja
[41/75] ======================================================================
[2026-07-16 09:52:29] ℹ️  Fetching: Ofisi ya Mkuu wa Mkoa wa Kusini Unguja
[2026-07-16 09:52:29] ℹ️    Using votecode: 049
[2026-07-16 09:52:29] ✅ Ofisi ya Mkuu wa Mkoa wa Kusini Unguja: Fetched 0 employees (0m 0s)
[2026-07-16 09:52:29] ℹ️  Pausing 15s before next institution...


[42/75] ======================================================================
[42/75] Institution: Ofisi ya Mkuu wa Mkoa wa Mjini Magharibi Unguja
[42/75] ======================================================================
[2026-07-16 09:52:44] ℹ️  Fetching: Ofisi ya Mkuu wa Mkoa wa Mjini Magharibi Unguja
[2026-07-16 09:52:44] ℹ️    Using votecode: 047
[2026-07-16 09:52:44] ✅ Ofisi ya Mkuu wa Mkoa wa Mjini Magharibi Unguja: Fetched 0 employees (0m 0s)
[2026-07-16 09:52:44] ℹ️  Pausing 15s before next institution...


[43/75] ======================================================================
[43/75] Institution: Ofisi ya Mkuu wa Wilaya ya Kaskazini B
[43/75] ======================================================================
[2026-07-16 09:52:59] ⚠️  Skipping: No vote number or TIN number

[44/75] ======================================================================
[44/75] Institution: Ofisi ya Msajili wa Hazina
[44/75] ======================================================================
[2026-07-16 09:52:59] ℹ️  Fetching: Ofisi ya Msajili wa Hazina
[2026-07-16 09:52:59] ℹ️    Using votecode: 106
[2026-07-16 09:52:59] ✅ Ofisi ya Msajili wa Hazina: Fetched 0 employees (0m 0s)
[2026-07-16 09:52:59] ℹ️  Pausing 15s before next institution...


[45/75] ======================================================================
[45/75] Institution: OFISI YA MUFTI MKUU WA ZANZIBAR
[45/75] ======================================================================
[2026-07-16 09:53:14] ⚠️  Skipping: No vote number or TIN number

[46/75] ======================================================================
[46/75] Institution: OFISI YA RAIS, FEDHA NA MIPANGO
[46/75] ======================================================================
[2026-07-16 09:53:14] ℹ️  Fetching: OFISI YA RAIS, FEDHA NA MIPANGO
[2026-07-16 09:53:14] ℹ️    Using votecode: 567
[2026-07-16 09:53:14] ✅ OFISI YA RAIS, FEDHA NA MIPANGO: Fetched 0 employees (0m 0s)
[2026-07-16 09:53:14] ℹ️  Pausing 15s before next institution...


[47/75] ======================================================================
[47/75] Institution: OFISI YA RAIS - IKULU
[47/75] ======================================================================
[2026-07-16 09:53:29] ℹ️  Fetching: OFISI YA RAIS - IKULU
[2026-07-16 09:53:29] ℹ️    Using votecode: 567
[2026-07-16 09:53:29] ✅ OFISI YA RAIS - IKULU: Fetched 0 employees (0m 0s)
[2026-07-16 09:53:29] ℹ️  Pausing 15s before next institution...


[48/75] ======================================================================
[48/75] Institution: OFISI YA RAIS - KATIBA SHERIA UTUMISHI NA UTAWALA BORA
[48/75] ======================================================================
[2026-07-16 09:53:44] ℹ️  Fetching: OFISI YA RAIS - KATIBA SHERIA UTUMISHI NA UTAWALA BORA
[2026-07-16 09:53:44] ℹ️    Using votecode: 005
[2026-07-16 09:53:44] ✅ OFISI YA RAIS - KATIBA SHERIA UTUMISHI NA UTAWALA BORA: Fetched 0 employees (0m 0s)
[2026-07-16 09:53:44] ℹ️  Pausing 15s before next institution...


[49/75] ======================================================================
[49/75] Institution: OFISI YA RAIS, TAWALA ZA MIKOA, SERIKALI ZA MITAA NA IDARA MAALUMU ZA SMZ
[49/75] ======================================================================
[2026-07-16 09:53:59] ℹ️  Fetching: OFISI YA RAIS, TAWALA ZA MIKOA, SERIKALI ZA MITAA NA IDARA MAALUMU ZA SMZ
[2026-07-16 09:53:59] ℹ️    Using votecode: 004
[2026-07-16 09:53:59] ✅ OFISI YA RAIS, TAWALA ZA MIKOA, SERIKALI ZA MITAA NA IDARA MAALUMU ZA SMZ: Fetched 0 employees (0m 0s)
[2026-07-16 09:53:59] ℹ️  Pausing 15s before next institution...


[50/75] ======================================================================
[50/75] Institution: Skuli ya Sheria Zanzibar
[50/75] ======================================================================
[2026-07-16 09:54:14] ℹ️  Fetching: Skuli ya Sheria Zanzibar
[2026-07-16 09:54:14] ℹ️    Using votecode: 570
[2026-07-16 09:54:14] ✅ Skuli ya Sheria Zanzibar: Fetched 0 employees (0m 0s)
[2026-07-16 09:54:14] ℹ️  Pausing 15s before next institution...


[51/75] ======================================================================
[51/75] Institution: Taasisi ya Afisi ya Rais Ufuatiliaji na Usimamizi wa Utendaji Serikalini (PDB)
[51/75] ======================================================================
[2026-07-16 09:54:29] ℹ️  Fetching: Taasisi ya Afisi ya Rais Ufuatiliaji na Usimamizi wa Utendaji Serikalini (PDB)
[2026-07-16 09:54:29] ℹ️    Using votecode: A09
[2026-07-16 09:54:29] ✅ Taasisi ya Afisi ya Rais Ufuatiliaji na Usimamizi wa Utendaji Serikalini (PDB): Fetched 0 employees (0m 0s)
[2026-07-16 09:54:29] ℹ️  Pausing 15s before next institution...


[52/75] ======================================================================
[52/75] Institution: TAASISI YA ELIMU ZANZIBAR
[52/75] ======================================================================
[2026-07-16 09:54:44] ℹ️  Fetching: TAASISI YA ELIMU ZANZIBAR
[2026-07-16 09:54:44] ℹ️    Using votecode: 542
[2026-07-16 09:54:44] ✅ TAASISI YA ELIMU ZANZIBAR: Fetched 0 employees (0m 0s)
[2026-07-16 09:54:44] ℹ️  Pausing 15s before next institution...


[53/75] ======================================================================
[53/75] Institution: TAASISI YA NYARAKA NA KUMBUKUMBU
[53/75] ======================================================================
[2026-07-16 09:54:59] ℹ️  Fetching: TAASISI YA NYARAKA NA KUMBUKUMBU
[2026-07-16 09:54:59] ℹ️    Using votecode: 057
[2026-07-16 09:54:59] ✅ TAASISI YA NYARAKA NA KUMBUKUMBU: Fetched 0 employees (0m 0s)
[2026-07-16 09:54:59] ℹ️  Pausing 15s before next institution...


[54/75] ======================================================================
[54/75] Institution: Taasisi ya Utafiti wa Uvuvi (ZAFIRI)
[54/75] ======================================================================
[2026-07-16 09:55:14] ℹ️  Fetching: Taasisi ya Utafiti wa Uvuvi (ZAFIRI)
[2026-07-16 09:55:14] ℹ️    Using votecode: 526
[2026-07-16 09:55:14] ✅ Taasisi ya Utafiti wa Uvuvi (ZAFIRI): Fetched 0 employees (0m 0s)
[2026-07-16 09:55:14] ℹ️  Pausing 15s before next institution...


[55/75] ======================================================================
[55/75] Institution: Tume ya kusimamia Nidhamu
[55/75] ======================================================================
[2026-07-16 09:55:30] ⚠️  Skipping: No vote number or TIN number

[56/75] ======================================================================
[56/75] Institution: TUME YA MAADILI YA VIONGOZI WA UMMA
[56/75] ======================================================================
[2026-07-16 09:55:30] ℹ️  Fetching: TUME YA MAADILI YA VIONGOZI WA UMMA
[2026-07-16 09:55:30] ℹ️    Using votecode: 113
[2026-07-16 09:55:30] ✅ TUME YA MAADILI YA VIONGOZI WA UMMA: Fetched 0 employees (0m 0s)
[2026-07-16 09:55:30] ℹ️  Pausing 15s before next institution...


[57/75] ======================================================================
[57/75] Institution: Tume ya Mipango
[57/75] ======================================================================
[2026-07-16 09:55:45] ℹ️  Fetching: Tume ya Mipango
[2026-07-16 09:55:45] ℹ️    Using votecode: 024
[2026-07-16 09:55:45] ✅ Tume ya Mipango: Fetched 0 employees (0m 0s)
[2026-07-16 09:55:45] ℹ️  Pausing 15s before next institution...


[58/75] ======================================================================
[58/75] Institution: TUME YA UCHAGUZI YA ZANZIBAR
[58/75] ======================================================================
[2026-07-16 09:56:00] ℹ️  Fetching: TUME YA UCHAGUZI YA ZANZIBAR
[2026-07-16 09:56:00] ℹ️    Using votecode: 031
[2026-07-16 09:56:00] ✅ TUME YA UCHAGUZI YA ZANZIBAR: Fetched 0 employees (0m 0s)
[2026-07-16 09:56:00] ℹ️  Pausing 15s before next institution...


[59/75] ======================================================================
[59/75] Institution: Tume ya Ushindani Halali wa Biashara
[59/75] ======================================================================
[2026-07-16 09:56:15] ℹ️  Fetching: Tume ya Ushindani Halali wa Biashara
[2026-07-16 09:56:15] ℹ️    Using votecode: 518
[2026-07-16 09:56:15] ✅ Tume ya Ushindani Halali wa Biashara: Fetched 0 employees (0m 0s)
[2026-07-16 09:56:15] ℹ️  Pausing 15s before next institution...


[60/75] ======================================================================
[60/75] Institution: TUME YA UTUMISHI SERIKALINI
[60/75] ======================================================================
[2026-07-16 09:56:30] ⚠️  Skipping: No vote number or TIN number

[61/75] ======================================================================
[61/75] Institution: Wakala wa Barabara
[61/75] ======================================================================
[2026-07-16 09:56:30] ℹ️  Fetching: Wakala wa Barabara
[2026-07-16 09:56:30] ℹ️    Using votecode: 559
[2026-07-16 09:56:30] ✅ Wakala wa Barabara: Fetched 0 employees (0m 0s)
[2026-07-16 09:56:30] ℹ️  Pausing 15s before next institution...


[62/75] ======================================================================
[62/75] Institution: WAKALA WA MAJENGO ZANZIBAR
[62/75] ======================================================================
[2026-07-16 09:56:45] ℹ️  Fetching: WAKALA WA MAJENGO ZANZIBAR
[2026-07-16 09:56:45] ℹ️    Using votecode: 522
[2026-07-16 09:56:45] ✅ WAKALA WA MAJENGO ZANZIBAR: Fetched 0 employees (0m 0s)
[2026-07-16 09:56:45] ℹ️  Pausing 15s before next institution...


[63/75] ======================================================================
[63/75] Institution: Wakala wa Matrekta
[63/75] ======================================================================
[2026-07-16 09:57:00] ℹ️  Fetching: Wakala wa Matrekta
[2026-07-16 09:57:00] ℹ️    Using votecode: 527
[2026-07-16 09:57:00] ✅ Wakala wa Matrekta: Fetched 0 employees (0m 0s)
[2026-07-16 09:57:00] ℹ️  Pausing 15s before next institution...


[64/75] ======================================================================
[64/75] Institution: Wakala wa Vipimo Zanzibar
[64/75] ======================================================================
[2026-07-16 09:57:15] ℹ️  Fetching: Wakala wa Vipimo Zanzibar
[2026-07-16 09:57:15] ℹ️    Using votecode: 519
[2026-07-16 09:57:15] ✅ Wakala wa Vipimo Zanzibar: Fetched 0 employees (0m 0s)
[2026-07-16 09:57:15] ℹ️  Pausing 15s before next institution...


[65/75] ======================================================================
[65/75] Institution: WIZARA YA AFYA
[65/75] ======================================================================
[2026-07-16 09:57:30] ℹ️  Fetching: WIZARA YA AFYA
[2026-07-16 09:57:30] ℹ️    Using votecode: 008
[2026-07-16 09:57:30] ✅ WIZARA YA AFYA: Fetched 0 employees (0m 0s)
[2026-07-16 09:57:30] ℹ️  Pausing 15s before next institution...


[66/75] ======================================================================
[66/75] Institution: WIZARA YA ARDHI NA MAENDELEO YA MAKAAZI ZANZIBAR
[66/75] ======================================================================
[2026-07-16 09:57:45] ℹ️  Fetching: WIZARA YA ARDHI NA MAENDELEO YA MAKAAZI ZANZIBAR
[2026-07-16 09:57:45] ℹ️    Using votecode: 014
[2026-07-16 09:57:45] ✅ WIZARA YA ARDHI NA MAENDELEO YA MAKAAZI ZANZIBAR: Fetched 0 employees (0m 0s)
[2026-07-16 09:57:45] ℹ️  Pausing 15s before next institution...


[67/75] ======================================================================
[67/75] Institution: WIZARA YA BIASHARA NA MAENDELEO YA VIWANDA
[67/75] ======================================================================
[2026-07-16 09:58:00] ℹ️  Fetching: WIZARA YA BIASHARA NA MAENDELEO YA VIWANDA
[2026-07-16 09:58:00] ℹ️    Using votecode: 017
[2026-07-16 09:58:00] ✅ WIZARA YA BIASHARA NA MAENDELEO YA VIWANDA: Fetched 0 employees (0m 0s)
[2026-07-16 09:58:00] ℹ️  Pausing 15s before next institution...


[68/75] ======================================================================
[68/75] Institution: WIZARA YA ELIMU NA MAFUNZO YA AMALI
[68/75] ======================================================================
[2026-07-16 09:58:15] ℹ️  Fetching: WIZARA YA ELIMU NA MAFUNZO YA AMALI
[2026-07-16 09:58:15] ℹ️    Using votecode: 011
[2026-07-16 09:58:15] ✅ WIZARA YA ELIMU NA MAFUNZO YA AMALI: Fetched 0 employees (0m 0s)
[2026-07-16 09:58:15] ℹ️  Pausing 15s before next institution...


[69/75] ======================================================================
[69/75] Institution: WIZARA YA HABARI, VIJANA, UTAMADUNI NA MICHEZO
[69/75] ======================================================================
[2026-07-16 09:58:30] ℹ️  Fetching: WIZARA YA HABARI, VIJANA, UTAMADUNI NA MICHEZO
[2026-07-16 09:58:30] ℹ️    Using votecode: 018
[2026-07-16 09:58:30] ✅ WIZARA YA HABARI, VIJANA, UTAMADUNI NA MICHEZO: Fetched 0 employees (0m 0s)
[2026-07-16 09:58:30] ℹ️  Pausing 15s before next institution...


[70/75] ======================================================================
[70/75] Institution: WIZARA YA KILIMO UMWAGILIAJI MALIASILI NA MIFUGO
[70/75] ======================================================================
[2026-07-16 09:58:45] ℹ️  Fetching: WIZARA YA KILIMO UMWAGILIAJI MALIASILI NA MIFUGO
[2026-07-16 09:58:45] ℹ️    Using votecode: 012
[2026-07-16 09:58:45] ✅ WIZARA YA KILIMO UMWAGILIAJI MALIASILI NA MIFUGO: Fetched 0 employees (0m 0s)
[2026-07-16 09:58:45] ℹ️  Pausing 15s before next institution...


[71/75] ======================================================================
[71/75] Institution: WIZARA YA MAENDELEO YA JAMII,JINSIA,WAZEE NA WATOTO
[71/75] ======================================================================
[2026-07-16 09:59:00] ℹ️  Fetching: WIZARA YA MAENDELEO YA JAMII,JINSIA,WAZEE NA WATOTO
[2026-07-16 09:59:00] ℹ️    Using votecode: 019
[2026-07-16 09:59:00] ✅ WIZARA YA MAENDELEO YA JAMII,JINSIA,WAZEE NA WATOTO: Fetched 0 employees (0m 0s)
[2026-07-16 09:59:00] ℹ️  Pausing 15s before next institution...


[72/75] ======================================================================
[72/75] Institution: WIZARA YA MAJI NISHATI NA MADINI
[72/75] ======================================================================
[2026-07-16 09:59:15] ℹ️  Fetching: WIZARA YA MAJI NISHATI NA MADINI
[2026-07-16 09:59:15] ℹ️    Using votecode: 015
[2026-07-16 09:59:15] ✅ WIZARA YA MAJI NISHATI NA MADINI: Fetched 0 employees (0m 0s)
[2026-07-16 09:59:15] ℹ️  Pausing 15s before next institution...


[73/75] ======================================================================
[73/75] Institution: WIZARA YA UCHUMI WA BULUU NA UVUVI
[73/75] ======================================================================
[2026-07-16 09:59:30] ℹ️  Fetching: WIZARA YA UCHUMI WA BULUU NA UVUVI
[2026-07-16 09:59:30] ℹ️    Using votecode: 013
[2026-07-16 09:59:30] ✅ WIZARA YA UCHUMI WA BULUU NA UVUVI: Fetched 0 employees (0m 0s)
[2026-07-16 09:59:30] ℹ️  Pausing 15s before next institution...


[74/75] ======================================================================
[74/75] Institution: WIZARA YA UJENZI MAWASILIANO NA UCHUKUZI
[74/75] ======================================================================
[2026-07-16 09:59:45] ℹ️  Fetching: WIZARA YA UJENZI MAWASILIANO NA UCHUKUZI
[2026-07-16 09:59:45] ℹ️    Using votecode: 016
[2026-07-16 09:59:45] ✅ WIZARA YA UJENZI MAWASILIANO NA UCHUKUZI: Fetched 0 employees (0m 0s)
[2026-07-16 09:59:45] ℹ️  Pausing 15s before next institution...


[75/75] ======================================================================
[75/75] Institution: WIZARA YA UTALII NA MAMBO YA KALE
[75/75] ======================================================================
[2026-07-16 10:00:00] ℹ️  Fetching: WIZARA YA UTALII NA MAMBO YA KALE
[2026-07-16 10:00:00] ℹ️    Using votecode: 010
[2026-07-16 10:00:00] ✅ WIZARA YA UTALII NA MAMBO YA KALE: Fetched 0 employees (0m 0s)

================================================================================
  📊 FETCH SUMMARY
================================================================================
Completed at: 2026-07-16 10:00:00
Total duration: 16m 47s

Total institutions: 75
✅ Successfully fetched: 68
❌ Failed: 0
⏭️  Skipped (no identifier): 7
👥 Total employees fetched: 0
⏱️  Average fetch time: 0m 0s
================================================================================

✅ Successful Fetches:
--------------------------------------------------------------------------------
  1. AFISI YA MKURUGENZI WA MASHTAKA                         0 employees (votecode: 029) [0m 0s]
  2. AFISI YA MWANASHERIA MKUU                               0 employees (votecode: 028) [0m 0s]
  3. AFISI YA RAISI KAZI, UCHUMI NA UWEKEZAJI                0 employees (votecode: 006) [0m 0s]
  4. Baraza la Jiji                                          0 employees (votecode: 201) [0m 0s]
  5. Baraza la Manispaa Magharibi A                          0 employees (votecode: 203) [0m 0s]
  6. Baraza la Manispaa Magharibi B                          0 employees (votecode: 204) [0m 0s]
  7. Baraza la Manispaa Mjini Unguja                         0 employees (votecode: 202) [0m 0s]
  8. Baraza la Mapinduzi                                     0 employees (votecode: A02) [0m 0s]
  9. Baraza la Mitihani                                      0 employees (votecode: 547) [0m 0s]
 10. Baraza la Mji Chake Chake                               0 employees (votecode: 210) [0m 0s]
 11. Baraza la Mji Kaskazini A Unguja                        0 employees (votecode: 207) [0m 0s]
 12. Baraza la Mji Kaskazini B Unguja                        0 employees (votecode: 208) [0m 0s]
 13. Baraza la Mji Kati Unguja                               0 employees (votecode: 205) [0m 0s]
 14. Baraza la Mji Mkoani                                    0 employees (votecode: 209) [0m 0s]
 15. Baraza la Mji Wete                                      0 employees (votecode: 211) [0m 0s]
 16. Baraza la Taifa la Biashara                             0 employees (tin: 165388267) [0m 0s]
 17. Bodi ya Huduma za Maktaba                               0 employees (votecode: 543) [0m 0s]
 18. Halmashauri ya Wilaya ya Kusini Unguja                  0 employees (votecode: 206) [0m 0s]
 19. Halmashauri ya Wilaya ya Micheweni                      0 employees (votecode: 212) [0m 0s]
 20. Hospitali ya Mnazi Mmoja                                0 employees (votecode: 025) [0m 0s]
 21. KAMISHENI YA ARDHI ZANZIBAR                             0 employees (votecode: 520) [0m 0s]
 22. Kamisheni ya Kazi                                       0 employees (votecode: 573) [0m 0s]
 23. KAMISHENI YA KUKABILIANA NA MAAFA ZANZIBAR              0 employees (votecode: 510) [0m 0s]
 24. KAMISHENI YA UTUMISHI WA UMMA                           0 employees (votecode: 036) [0m 0s]
 25. MAMLAKA YA KUDHIBITI NA KUPAMBANA NA DAWA ZA KULEVYA ZANZIBAR      0 employees (votecode: 032) [0m 0s]
 26. MAMLAKA YA KUZUIA RUSHWA NA UHUJUMU WA UCHUMI ZANZIBAR      0 employees (votecode: 035) [0m 0s]
 27. Mamlaka ya Serikali Mtandao (eGAZ)                      0 employees (votecode: 038) [0m 0s]
 28. Mamlaka ya Uwezeshaji Wananchi Kiuchumi (ZEA)           0 employees (votecode: 105) [0m 0s]
 29. Ofisi ya Hatimiliki (COSOZA)                            0 employees (votecode: 558) [0m 0s]
 30. OFISI YA MAKAMO WA KWANZA WA RAISI                      0 employees (votecode: 002) [0m 0s]
 31. OFISI YA MAKAMO WA PILI WA RAISI                        0 employees (votecode: 003) [0m 0s]
 32. Ofisi ya Mhasibu Mkuu wa Serikali                       0 employees (votecode: 022) [0m 0s]
 33. OFISI YA MKAGUZI MKUU WA NDANI WA SERIKALI              0 employees (votecode: 052) [0m 0s]
 34. Ofisi ya Mkaguzi wa Elimu                               0 employees (votecode: 546) [0m 0s]
 35. Ofisi ya Mkuu wa Mkoa wa Kaskazini Pemba                0 employees (votecode: 051) [0m 0s]
 36. Ofisi ya Mkuu wa Mkoa wa Kaskazini Unguja               0 employees (votecode: 048) [0m 0s]
 37. Ofisi ya Mkuu wa Mkoa wa Kusini Pemba                   0 employees (votecode: 050) [0m 0s]
 38. Ofisi ya Mkuu wa Mkoa wa Kusini Unguja                  0 employees (votecode: 049) [0m 0s]
 39. Ofisi ya Mkuu wa Mkoa wa Mjini Magharibi Unguja         0 employees (votecode: 047) [0m 0s]
 40. Ofisi ya Msajili wa Hazina                              0 employees (votecode: 106) [0m 0s]
 41. OFISI YA RAIS, FEDHA NA MIPANGO                         0 employees (votecode: 567) [0m 0s]
 42. OFISI YA RAIS - IKULU                                   0 employees (votecode: 567) [0m 0s]
 43. OFISI YA RAIS - KATIBA SHERIA UTUMISHI NA UTAWALA BORA      0 employees (votecode: 005) [0m 0s]
 44. OFISI YA RAIS, TAWALA ZA MIKOA, SERIKALI ZA MITAA NA IDARA MAALUMU ZA SMZ      0 employees (votecode: 004) [0m 0s]
 45. Skuli ya Sheria Zanzibar                                0 employees (votecode: 570) [0m 0s]
 46. Taasisi ya Afisi ya Rais Ufuatiliaji na Usimamizi wa Utendaji Serikalini (PDB)      0 employees (votecode: A09) [0m 0s]
 47. TAASISI YA ELIMU ZANZIBAR                               0 employees (votecode: 542) [0m 0s]
 48. TAASISI YA NYARAKA NA KUMBUKUMBU                        0 employees (votecode: 057) [0m 0s]
 49. Taasisi ya Utafiti wa Uvuvi (ZAFIRI)                    0 employees (votecode: 526) [0m 0s]
 50. TUME YA MAADILI YA VIONGOZI WA UMMA                     0 employees (votecode: 113) [0m 0s]
 51. Tume ya Mipango                                         0 employees (votecode: 024) [0m 0s]
 52. TUME YA UCHAGUZI YA ZANZIBAR                            0 employees (votecode: 031) [0m 0s]
 53. Tume ya Ushindani Halali wa Biashara                    0 employees (votecode: 518) [0m 0s]
 54. Wakala wa Barabara                                      0 employees (votecode: 559) [0m 0s]
 55. WAKALA WA MAJENGO ZANZIBAR                              0 employees (votecode: 522) [0m 0s]
 56. Wakala wa Matrekta                                      0 employees (votecode: 527) [0m 0s]
 57. Wakala wa Vipimo Zanzibar                               0 employees (votecode: 519) [0m 0s]
 58. WIZARA YA AFYA                                          0 employees (votecode: 008) [0m 0s]
 59. WIZARA YA ARDHI NA MAENDELEO YA MAKAAZI ZANZIBAR        0 employees (votecode: 014) [0m 0s]
 60. WIZARA YA BIASHARA NA MAENDELEO YA VIWANDA              0 employees (votecode: 017) [0m 0s]
 61. WIZARA YA ELIMU NA MAFUNZO YA AMALI                     0 employees (votecode: 011) [0m 0s]
 62. WIZARA YA HABARI, VIJANA, UTAMADUNI NA MICHEZO          0 employees (votecode: 018) [0m 0s]
 63. WIZARA YA KILIMO UMWAGILIAJI MALIASILI NA MIFUGO        0 employees (votecode: 012) [0m 0s]
 64. WIZARA YA MAENDELEO YA JAMII,JINSIA,WAZEE NA WATOTO      0 employees (votecode: 019) [0m 0s]
 65. WIZARA YA MAJI NISHATI NA MADINI                        0 employees (votecode: 015) [0m 0s]
 66. WIZARA YA UCHUMI WA BULUU NA UVUVI                      0 employees (votecode: 013) [0m 0s]
 67. WIZARA YA UJENZI MAWASILIANO NA UCHUKUZI                0 employees (votecode: 016) [0m 0s]
 68. WIZARA YA UTALII NA MAMBO YA KALE                       0 employees (votecode: 010) [0m 0s]

================================================================================
📊 Total Employees in Database: 43,478
================================================================================

