2025-12-28 22:40:45 +00:00: 
> nextn@0.1.0 worker
> tsx scripts/start-worker.ts

2025-12-28 22:48:34 +00:00: 2025-12-28 22:48:34 +00:00: 
> nextn@0.1.0 worker
> tsx scripts/start-worker.ts

2025-12-28 22:49:39 +00:00: 2025-12-28 22:49:39 +00:00: 
> nextn@0.1.0 worker
> tsx scripts/start-worker.ts

2026-02-03 20:53:17 +00:00: 
2026-02-03 20:53:17 +00:00: > nextn@0.1.0 worker
2026-02-03 20:53:17 +00:00: > tsx scripts/start-worker.ts
2026-02-03 20:53:17 +00:00: 
2026-02-03 20:53:18 +00:00: 🚀 Starting HRIMS Sync Worker...
2026-02-03 20:53:18 +00:00:    Time: 2026-02-03T20:53:18.500Z
2026-02-03 20:53:18 +00:00:    Node: v22.20.0
2026-02-03 20:53:18 +00:00: 
2026-02-03 20:53:18 +00:00: ✅ HRIMS Sync Worker started
2026-02-03 20:53:18 +00:00: ✅ Worker is running and ready to process jobs
2026-02-03 20:53:18 +00:00:    Press Ctrl+C to stop.
2026-02-03 20:53:18 +00:00: 
2026-02-26 16:07:53 +00:00: 
2026-02-26 16:07:53 +00:00: ⏹️  Shutting down worker...
2026-02-26 16:07:53 +00:00: 
2026-02-26 16:07:53 +00:00: ⏹️  Shutting down worker...
2026-02-26 16:08:25 +00:00: 
2026-02-26 16:08:25 +00:00: > nextn@0.1.0 worker
2026-02-26 16:08:25 +00:00: > tsx scripts/start-worker.ts
2026-02-26 16:08:25 +00:00: 
2026-02-26 16:08:26 +00:00: 🚀 Starting HRIMS Sync Worker...
2026-02-26 16:08:26 +00:00:    Time: 2026-02-26T16:08:26.864Z
2026-02-26 16:08:26 +00:00:    Node: v22.20.0
2026-02-26 16:08:26 +00:00: 
2026-02-26 16:08:26 +00:00: ✅ HRIMS Sync Worker started
2026-02-26 16:08:26 +00:00: ✅ Worker is running and ready to process jobs
2026-02-26 16:08:26 +00:00:    Press Ctrl+C to stop.
2026-02-26 16:08:26 +00:00: 
2026-04-09 10:45:27 +00:00: 
2026-04-09 10:45:27 +00:00: > nextn@0.1.0 worker
2026-04-09 10:45:27 +00:00: > tsx scripts/start-worker.ts
2026-04-09 10:45:27 +00:00: 
2026-04-09 10:45:28 +00:00: 🚀 Starting HRIMS Sync Worker...
2026-04-09 10:45:28 +00:00:    Time: 2026-04-09T10:45:28.284Z
2026-04-09 10:45:28 +00:00:    Node: v22.20.0
2026-04-09 10:45:28 +00:00: 
2026-04-09 10:45:28 +00:00: ✅ HRIMS Sync Worker started
2026-04-09 10:45:28 +00:00: ✅ Worker is running and ready to process jobs
2026-04-09 10:45:28 +00:00:    Press Ctrl+C to stop.
2026-04-09 10:45:28 +00:00: 
2026-04-15 05:11:40 +00:00: 
2026-04-15 05:11:40 +00:00: ⏹️  Shutting down worker...
2026-04-15 05:11:41 +00:00: 
2026-04-15 05:11:41 +00:00: ⏹️  Shutting down worker...
2026-04-15 05:12:34 +00:00: 
2026-04-15 05:12:34 +00:00: > nextn@0.1.0 worker
2026-04-15 05:12:34 +00:00: > tsx scripts/start-worker.ts
2026-04-15 05:12:34 +00:00: 
2026-04-15 05:12:35 +00:00: 🚀 Starting HRIMS Sync Worker...
2026-04-15 05:12:35 +00:00:    Time: 2026-04-15T05:12:35.650Z
2026-04-15 05:12:35 +00:00:    Node: v22.20.0
2026-04-15 05:12:35 +00:00: 
2026-04-15 05:12:35 +00:00: ✅ HRIMS Sync Worker started
2026-04-15 05:12:35 +00:00: ✅ Worker is running and ready to process jobs
2026-04-15 05:12:35 +00:00:    Press Ctrl+C to stop.
2026-04-15 05:12:35 +00:00: 
2026-04-15 05:13:08 +00:00: 
2026-04-15 05:13:08 +00:00: ⏹️  Shutting down worker...
2026-04-15 05:13:09 +00:00: 
2026-04-15 05:13:09 +00:00: ⏹️  Shutting down worker...
2026-04-15 05:13:09 +00:00: ✅ Worker shut down gracefully
2026-04-15 05:13:49 +00:00: 
2026-04-15 05:13:49 +00:00: > nextn@0.1.0 worker
2026-04-15 05:13:49 +00:00: > tsx scripts/start-worker.ts
2026-04-15 05:13:49 +00:00: 
2026-04-15 05:13:50 +00:00: 🚀 Starting HRIMS Sync Worker...
2026-04-15 05:13:50 +00:00:    Time: 2026-04-15T05:13:50.657Z
2026-04-15 05:13:50 +00:00:    Node: v22.20.0
2026-04-15 05:13:50 +00:00: 
2026-04-15 05:13:50 +00:00: ✅ HRIMS Sync Worker started
2026-04-15 05:13:50 +00:00: ✅ Worker is running and ready to process jobs
2026-04-15 05:13:50 +00:00:    Press Ctrl+C to stop.
2026-04-15 05:13:50 +00:00: 
2026-04-21 09:40:40 +00:00: 
2026-04-21 09:40:40 +00:00: > nextn@0.1.0 worker
2026-04-21 09:40:40 +00:00: > tsx scripts/start-worker.ts
2026-04-21 09:40:40 +00:00: 
2026-04-21 09:40:42 +00:00: 🚀 Starting HRIMS Sync Worker...
2026-04-21 09:40:42 +00:00:    Time: 2026-04-21T09:40:42.050Z
2026-04-21 09:40:42 +00:00:    Node: v22.20.0
2026-04-21 09:40:42 +00:00: 
2026-04-21 09:40:42 +00:00: ✅ HRIMS Sync Worker started
2026-04-21 09:40:42 +00:00: ✅ Worker is running and ready to process jobs
2026-04-21 09:40:42 +00:00:    Press Ctrl+C to stop.
2026-04-21 09:40:42 +00:00: 
2026-04-22 08:55:54 +00:00: 
2026-04-22 08:55:54 +00:00: ================================================================================
2026-04-22 08:55:54 +00:00: 🚀 Processing HRIMS Sync Job: hrims-sync-f80d811b-1893-42b7-9eed-6d142bee9011-1776848154406
2026-04-22 08:55:54 +00:00:    Institution: Baraza la Mapinduzi
2026-04-22 08:55:54 +00:00:    Identifier: Vote Code = A02
2026-04-22 08:55:54 +00:00:    Page size: 100
2026-04-22 08:55:54 +00:00: ================================================================================
2026-04-22 08:55:54 +00:00: 
2026-04-22 08:55:54 +00:00: 
2026-04-22 08:55:54 +00:00: 📄 [Page 0] Fetching from HRIMS...
2026-04-22 08:55:56 +00:00:    Response received in 1936ms
2026-04-22 08:55:56 +00:00: 
2026-04-22 08:55:56 +00:00: 📊 Total employees reported: 0
2026-04-22 08:55:56 +00:00:    ✓ Added 0 employees
2026-04-22 08:55:56 +00:00:    📈 Progress: 0/0 (0.0%)
2026-04-22 08:55:56 +00:00: 
2026-04-22 08:55:56 +00:00: ✅ Pagination complete. Fetched 0 total employees
2026-04-22 08:56:01 +00:00: 
2026-04-22 08:56:01 +00:00: ================================================================================
2026-04-22 08:56:01 +00:00: 🚀 Processing HRIMS Sync Job: hrims-sync-f80d811b-1893-42b7-9eed-6d142bee9011-1776848154406
2026-04-22 08:56:01 +00:00:    Institution: Baraza la Mapinduzi
2026-04-22 08:56:01 +00:00:    Identifier: Vote Code = A02
2026-04-22 08:56:01 +00:00:    Page size: 100
2026-04-22 08:56:01 +00:00: ================================================================================
2026-04-22 08:56:01 +00:00: 
2026-04-22 08:56:01 +00:00: 
2026-04-22 08:56:01 +00:00: 📄 [Page 0] Fetching from HRIMS...
2026-04-22 08:56:01 +00:00:    Response received in 76ms
2026-04-22 08:56:01 +00:00: 
2026-04-22 08:56:01 +00:00: 📊 Total employees reported: 0
2026-04-22 08:56:01 +00:00:    ✓ Added 0 employees
2026-04-22 08:56:01 +00:00:    📈 Progress: 0/0 (0.0%)
2026-04-22 08:56:01 +00:00: 
2026-04-22 08:56:01 +00:00: ✅ Pagination complete. Fetched 0 total employees
2026-04-22 08:56:11 +00:00: 
2026-04-22 08:56:11 +00:00: ================================================================================
2026-04-22 08:56:11 +00:00: 🚀 Processing HRIMS Sync Job: hrims-sync-f80d811b-1893-42b7-9eed-6d142bee9011-1776848154406
2026-04-22 08:56:11 +00:00:    Institution: Baraza la Mapinduzi
2026-04-22 08:56:11 +00:00:    Identifier: Vote Code = A02
2026-04-22 08:56:11 +00:00:    Page size: 100
2026-04-22 08:56:11 +00:00: ================================================================================
2026-04-22 08:56:11 +00:00: 
2026-04-22 08:56:11 +00:00: 
2026-04-22 08:56:11 +00:00: 📄 [Page 0] Fetching from HRIMS...
2026-04-22 08:56:11 +00:00:    Response received in 41ms
2026-04-22 08:56:11 +00:00: 
2026-04-22 08:56:11 +00:00: 📊 Total employees reported: 0
2026-04-22 08:56:11 +00:00:    ✓ Added 0 employees
2026-04-22 08:56:11 +00:00:    📈 Progress: 0/0 (0.0%)
2026-04-22 08:56:11 +00:00: 
2026-04-22 08:56:11 +00:00: ✅ Pagination complete. Fetched 0 total employees
2026-04-22 08:57:11 +00:00: 
2026-04-22 08:57:11 +00:00: ================================================================================
2026-04-22 08:57:11 +00:00: 🚀 Processing HRIMS Sync Job: hrims-sync-f80d811b-1893-42b7-9eed-6d142bee9011-1776848231969
2026-04-22 08:57:11 +00:00:    Institution: Baraza la Mapinduzi
2026-04-22 08:57:11 +00:00:    Identifier: Vote Code = A02
2026-04-22 08:57:11 +00:00:    Page size: 100
2026-04-22 08:57:11 +00:00: ================================================================================
2026-04-22 08:57:11 +00:00: 
2026-04-22 08:57:11 +00:00: 
2026-04-22 08:57:11 +00:00: 📄 [Page 0] Fetching from HRIMS...
2026-04-22 08:57:12 +00:00:    Response received in 27ms
2026-04-22 08:57:12 +00:00: 
2026-04-22 08:57:12 +00:00: 📊 Total employees reported: 0
2026-04-22 08:57:12 +00:00:    ✓ Added 0 employees
2026-04-22 08:57:12 +00:00:    📈 Progress: 0/0 (0.0%)
2026-04-22 08:57:12 +00:00: 
2026-04-22 08:57:12 +00:00: ✅ Pagination complete. Fetched 0 total employees
2026-04-22 08:57:17 +00:00: 
2026-04-22 08:57:17 +00:00: ================================================================================
2026-04-22 08:57:17 +00:00: 🚀 Processing HRIMS Sync Job: hrims-sync-f80d811b-1893-42b7-9eed-6d142bee9011-1776848231969
2026-04-22 08:57:17 +00:00:    Institution: Baraza la Mapinduzi
2026-04-22 08:57:17 +00:00:    Identifier: Vote Code = A02
2026-04-22 08:57:17 +00:00:    Page size: 100
2026-04-22 08:57:17 +00:00: ================================================================================
2026-04-22 08:57:17 +00:00: 
2026-04-22 08:57:17 +00:00: 
2026-04-22 08:57:17 +00:00: 📄 [Page 0] Fetching from HRIMS...
2026-04-22 08:57:17 +00:00:    Response received in 20ms
2026-04-22 08:57:17 +00:00: 
2026-04-22 08:57:17 +00:00: 📊 Total employees reported: 0
2026-04-22 08:57:17 +00:00:    ✓ Added 0 employees
2026-04-22 08:57:17 +00:00:    📈 Progress: 0/0 (0.0%)
2026-04-22 08:57:17 +00:00: 
2026-04-22 08:57:17 +00:00: ✅ Pagination complete. Fetched 0 total employees
2026-04-22 08:57:27 +00:00: 
2026-04-22 08:57:27 +00:00: ================================================================================
2026-04-22 08:57:27 +00:00: 🚀 Processing HRIMS Sync Job: hrims-sync-f80d811b-1893-42b7-9eed-6d142bee9011-1776848231969
2026-04-22 08:57:27 +00:00:    Institution: Baraza la Mapinduzi
2026-04-22 08:57:27 +00:00:    Identifier: Vote Code = A02
2026-04-22 08:57:27 +00:00:    Page size: 100
2026-04-22 08:57:27 +00:00: ================================================================================
2026-04-22 08:57:27 +00:00: 
2026-04-22 08:57:27 +00:00: 
2026-04-22 08:57:27 +00:00: 📄 [Page 0] Fetching from HRIMS...
2026-04-22 08:57:27 +00:00:    Response received in 30ms
2026-04-22 08:57:27 +00:00: 
2026-04-22 08:57:27 +00:00: 📊 Total employees reported: 0
2026-04-22 08:57:27 +00:00:    ✓ Added 0 employees
2026-04-22 08:57:27 +00:00:    📈 Progress: 0/0 (0.0%)
2026-04-22 08:57:27 +00:00: 
2026-04-22 08:57:27 +00:00: ✅ Pagination complete. Fetched 0 total employees
2026-04-22 08:59:03 +00:00: 
2026-04-22 08:59:03 +00:00: ================================================================================
2026-04-22 08:59:03 +00:00: 🚀 Processing HRIMS Sync Job: hrims-sync-f80d811b-1893-42b7-9eed-6d142bee9011-1776848343777
2026-04-22 08:59:03 +00:00:    Institution: Baraza la Mapinduzi
2026-04-22 08:59:03 +00:00:    Identifier: Vote Code = A02
2026-04-22 08:59:03 +00:00:    Page size: 100
2026-04-22 08:59:03 +00:00: ================================================================================
2026-04-22 08:59:03 +00:00: 
2026-04-22 08:59:03 +00:00: 
2026-04-22 08:59:03 +00:00: 📄 [Page 0] Fetching from HRIMS...
2026-04-22 08:59:03 +00:00:    Response received in 54ms
2026-04-22 08:59:03 +00:00: 
2026-04-22 08:59:03 +00:00: 📊 Total employees reported: 0
2026-04-22 08:59:03 +00:00:    ✓ Added 0 employees
2026-04-22 08:59:03 +00:00:    📈 Progress: 0/0 (0.0%)
2026-04-22 08:59:03 +00:00: 
2026-04-22 08:59:03 +00:00: ✅ Pagination complete. Fetched 0 total employees
2026-04-22 08:59:08 +00:00: 
2026-04-22 08:59:08 +00:00: ================================================================================
2026-04-22 08:59:08 +00:00: 🚀 Processing HRIMS Sync Job: hrims-sync-f80d811b-1893-42b7-9eed-6d142bee9011-1776848343777
2026-04-22 08:59:08 +00:00:    Institution: Baraza la Mapinduzi
2026-04-22 08:59:08 +00:00:    Identifier: Vote Code = A02
2026-04-22 08:59:08 +00:00:    Page size: 100
2026-04-22 08:59:08 +00:00: ================================================================================
2026-04-22 08:59:08 +00:00: 
2026-04-22 08:59:08 +00:00: 
2026-04-22 08:59:08 +00:00: 📄 [Page 0] Fetching from HRIMS...
2026-04-22 08:59:08 +00:00:    Response received in 20ms
2026-04-22 08:59:08 +00:00: 
2026-04-22 08:59:08 +00:00: 📊 Total employees reported: 0
2026-04-22 08:59:08 +00:00:    ✓ Added 0 employees
2026-04-22 08:59:08 +00:00:    📈 Progress: 0/0 (0.0%)
2026-04-22 08:59:08 +00:00: 
2026-04-22 08:59:08 +00:00: ✅ Pagination complete. Fetched 0 total employees
2026-04-22 08:59:18 +00:00: 
2026-04-22 08:59:18 +00:00: ================================================================================
2026-04-22 08:59:18 +00:00: 🚀 Processing HRIMS Sync Job: hrims-sync-f80d811b-1893-42b7-9eed-6d142bee9011-1776848343777
2026-04-22 08:59:18 +00:00:    Institution: Baraza la Mapinduzi
2026-04-22 08:59:18 +00:00:    Identifier: Vote Code = A02
2026-04-22 08:59:18 +00:00:    Page size: 100
2026-04-22 08:59:18 +00:00: ================================================================================
2026-04-22 08:59:18 +00:00: 
2026-04-22 08:59:18 +00:00: 
2026-04-22 08:59:18 +00:00: 📄 [Page 0] Fetching from HRIMS...
2026-04-22 08:59:18 +00:00:    Response received in 51ms
2026-04-22 08:59:18 +00:00: 
2026-04-22 08:59:18 +00:00: 📊 Total employees reported: 0
2026-04-22 08:59:18 +00:00:    ✓ Added 0 employees
2026-04-22 08:59:18 +00:00:    📈 Progress: 0/0 (0.0%)
2026-04-22 08:59:18 +00:00: 
2026-04-22 08:59:18 +00:00: ✅ Pagination complete. Fetched 0 total employees
2026-04-22 09:09:49 +00:00: 
2026-04-22 09:09:49 +00:00: ================================================================================
2026-04-22 09:09:49 +00:00: 🚀 Processing HRIMS Sync Job: hrims-sync-6d09cd8f-e53c-4d2a-b16a-4eefd6669b00-1776848989028
2026-04-22 09:09:49 +00:00:    Institution: Taasisi ya Afisi ya Rais Ufuatiliaji na Usimamizi wa Utendaji Serikalini (PDB)
2026-04-22 09:09:49 +00:00:    Identifier: TIN = 166-520-649
2026-04-22 09:09:49 +00:00:    Page size: 100
2026-04-22 09:09:49 +00:00: ================================================================================
2026-04-22 09:09:49 +00:00: 
2026-04-22 09:09:49 +00:00: 
2026-04-22 09:09:49 +00:00: 📄 [Page 0] Fetching from HRIMS...
2026-04-22 09:09:49 +00:00:    Response received in 89ms
2026-04-22 09:09:49 +00:00: 
2026-04-22 09:09:49 +00:00: 📊 Total employees reported: 0
2026-04-22 09:09:49 +00:00:    ✓ Added 0 employees
2026-04-22 09:09:49 +00:00:    📈 Progress: 0/0 (0.0%)
2026-04-22 09:09:49 +00:00: 
2026-04-22 09:09:49 +00:00: ✅ Pagination complete. Fetched 0 total employees
2026-04-22 09:09:54 +00:00: 
2026-04-22 09:09:54 +00:00: ================================================================================
2026-04-22 09:09:54 +00:00: 🚀 Processing HRIMS Sync Job: hrims-sync-6d09cd8f-e53c-4d2a-b16a-4eefd6669b00-1776848989028
2026-04-22 09:09:54 +00:00:    Institution: Taasisi ya Afisi ya Rais Ufuatiliaji na Usimamizi wa Utendaji Serikalini (PDB)
2026-04-22 09:09:54 +00:00:    Identifier: TIN = 166-520-649
2026-04-22 09:09:54 +00:00:    Page size: 100
2026-04-22 09:09:54 +00:00: ================================================================================
2026-04-22 09:09:54 +00:00: 
2026-04-22 09:09:54 +00:00: 
2026-04-22 09:09:54 +00:00: 📄 [Page 0] Fetching from HRIMS...
2026-04-22 09:09:54 +00:00:    Response received in 58ms
2026-04-22 09:09:54 +00:00: 
2026-04-22 09:09:54 +00:00: 📊 Total employees reported: 0
2026-04-22 09:09:54 +00:00:    ✓ Added 0 employees
2026-04-22 09:09:54 +00:00:    📈 Progress: 0/0 (0.0%)
2026-04-22 09:09:54 +00:00: 
2026-04-22 09:09:54 +00:00: ✅ Pagination complete. Fetched 0 total employees
2026-04-22 09:10:04 +00:00: 
2026-04-22 09:10:04 +00:00: ================================================================================
2026-04-22 09:10:04 +00:00: 🚀 Processing HRIMS Sync Job: hrims-sync-6d09cd8f-e53c-4d2a-b16a-4eefd6669b00-1776848989028
2026-04-22 09:10:04 +00:00:    Institution: Taasisi ya Afisi ya Rais Ufuatiliaji na Usimamizi wa Utendaji Serikalini (PDB)
2026-04-22 09:10:04 +00:00:    Identifier: TIN = 166-520-649
2026-04-22 09:10:04 +00:00:    Page size: 100
2026-04-22 09:10:04 +00:00: ================================================================================
2026-04-22 09:10:04 +00:00: 
2026-04-22 09:10:04 +00:00: 
2026-04-22 09:10:04 +00:00: 📄 [Page 0] Fetching from HRIMS...
2026-04-22 09:10:04 +00:00:    Response received in 36ms
2026-04-22 09:10:04 +00:00: 
2026-04-22 09:10:04 +00:00: 📊 Total employees reported: 0
2026-04-22 09:10:04 +00:00:    ✓ Added 0 employees
2026-04-22 09:10:04 +00:00:    📈 Progress: 0/0 (0.0%)
2026-04-22 09:10:04 +00:00: 
2026-04-22 09:10:04 +00:00: ✅ Pagination complete. Fetched 0 total employees
2026-05-05 06:04:23 +00:00: 
2026-05-05 06:04:23 +00:00: ================================================================================
2026-05-05 06:04:23 +00:00: 🚀 Processing HRIMS Sync Job: hrims-sync-4355496a-7c64-4c4c-806a-9c1deb42d020-1777961063923
2026-05-05 06:04:23 +00:00:    Institution: Baraza la Taifa la Biashara
2026-05-05 06:04:23 +00:00:    Identifier: TIN = 165388267
2026-05-05 06:04:23 +00:00:    Page size: 50
2026-05-05 06:04:23 +00:00: ================================================================================
2026-05-05 06:04:23 +00:00: 
2026-05-05 06:04:23 +00:00: 
2026-05-05 06:04:23 +00:00: 📄 [Page 0] Fetching from HRIMS...
2026-05-05 06:04:35 +00:00:    Response received in 11124ms
2026-05-05 06:04:35 +00:00: 
2026-05-05 06:04:35 +00:00: 📊 Total employees reported: 10
2026-05-05 06:04:35 +00:00:    ✓ Added 10 employees
2026-05-05 06:04:35 +00:00:    📈 Progress: 10/10 (100.0%)
2026-05-05 06:04:35 +00:00: 
2026-05-05 06:04:35 +00:00: ✅ Pagination complete. Fetched 10 total employees
2026-05-05 06:04:35 +00:00: 
2026-05-05 06:04:35 +00:00: 💾 Saving 10 employees to database...
2026-05-05 06:04:35 +00:00: 
2026-05-05 06:04:35 +00:00: ✅ Processing complete!
2026-05-05 06:04:35 +00:00:    Saved: 10, Skipped: 0
2026-05-05 06:04:35 +00:00:    Total time: 11.3s
2026-05-05 06:04:35 +00:00: ✅ Job hrims-sync-4355496a-7c64-4c4c-806a-9c1deb42d020-1777961063923 completed successfully
2026-05-14 08:07:17 +00:00: 
2026-05-14 08:07:17 +00:00: ⏹️  Shutting down worker...
2026-05-14 08:07:17 +00:00: ✅ Worker shut down gracefully
2026-05-14 08:07:17 +00:00: 
2026-05-14 08:07:17 +00:00: > nextn@0.1.0 worker
2026-05-14 08:07:17 +00:00: > tsx scripts/start-worker.ts
2026-05-14 08:07:17 +00:00: 
2026-05-14 08:07:18 +00:00: 🚀 Starting HRIMS Sync Worker...
2026-05-14 08:07:18 +00:00:    Time: 2026-05-14T08:07:18.599Z
2026-05-14 08:07:18 +00:00:    Node: v22.20.0
2026-05-14 08:07:18 +00:00: 
2026-05-14 08:07:18 +00:00: ✅ HRIMS Sync Worker started
2026-05-14 08:07:18 +00:00: ✅ Worker is running and ready to process jobs
2026-05-14 08:07:18 +00:00:    Press Ctrl+C to stop.
2026-05-14 08:07:18 +00:00: 
2026-05-14 08:12:27 +00:00: 
2026-05-14 08:12:27 +00:00: ⏹️  Shutting down worker...
2026-05-14 08:12:27 +00:00: ✅ Worker shut down gracefully
2026-05-14 08:12:27 +00:00: 
2026-05-14 08:12:27 +00:00: > nextn@0.1.0 worker
2026-05-14 08:12:27 +00:00: > tsx scripts/start-worker.ts
2026-05-14 08:12:27 +00:00: 
2026-05-14 08:12:28 +00:00: 🚀 Starting HRIMS Sync Worker...
2026-05-14 08:12:28 +00:00:    Time: 2026-05-14T08:12:28.521Z
2026-05-14 08:12:28 +00:00:    Node: v22.20.0
2026-05-14 08:12:28 +00:00: 
2026-05-14 08:12:28 +00:00: ✅ HRIMS Sync Worker started
2026-05-14 08:12:28 +00:00: ✅ Worker is running and ready to process jobs
2026-05-14 08:12:28 +00:00:    Press Ctrl+C to stop.
2026-05-14 08:12:28 +00:00: 
2026-05-14 08:27:15 +00:00: 
2026-05-14 08:27:15 +00:00: ⏹️  Shutting down worker...
2026-05-14 08:27:15 +00:00: ✅ Worker shut down gracefully
2026-05-14 08:27:15 +00:00: 
2026-05-14 08:27:15 +00:00: > nextn@0.1.0 worker
2026-05-14 08:27:15 +00:00: > tsx scripts/start-worker.ts
2026-05-14 08:27:15 +00:00: 
2026-05-14 08:27:16 +00:00: 🚀 Starting HRIMS Sync Worker...
2026-05-14 08:27:16 +00:00:    Time: 2026-05-14T08:27:16.260Z
2026-05-14 08:27:16 +00:00:    Node: v22.20.0
2026-05-14 08:27:16 +00:00: 
2026-05-14 08:27:16 +00:00: ✅ HRIMS Sync Worker started
2026-05-14 08:27:16 +00:00: ✅ Worker is running and ready to process jobs
2026-05-14 08:27:16 +00:00:    Press Ctrl+C to stop.
2026-05-14 08:27:16 +00:00: 
2026-05-14 08:44:28 +00:00: 
2026-05-14 08:44:28 +00:00: ⏹️  Shutting down worker...
2026-05-14 08:44:28 +00:00: ✅ Worker shut down gracefully
2026-06-12 09:05:22 +00:00: 
2026-06-12 09:05:22 +00:00: > nextn@0.1.0 worker
2026-06-12 09:05:22 +00:00: > tsx scripts/start-worker.ts
2026-06-12 09:05:22 +00:00: 
2026-06-12 09:05:23 +00:00: 🚀 Starting HRIMS Sync Worker...
2026-06-12 09:05:23 +00:00:    Time: 2026-06-12T09:05:23.432Z
2026-06-12 09:05:23 +00:00:    Node: v22.20.0
2026-06-12 09:05:23 +00:00: 
2026-06-12 09:05:23 +00:00: ✅ Worker is running and ready to process jobs
2026-06-12 09:05:23 +00:00:    Press Ctrl+C to stop.
2026-06-12 09:05:23 +00:00: 
2026-06-24 06:05:52 +00:00: 
2026-06-24 06:05:52 +00:00: > nextn@0.1.0 worker
2026-06-24 06:05:52 +00:00: > tsx scripts/start-worker.ts
2026-06-24 06:05:52 +00:00: 
2026-06-24 06:05:53 +00:00: 🚀 Starting HRIMS Sync Worker...
2026-06-24 06:05:53 +00:00:    Time: 2026-06-24T06:05:53.328Z
2026-06-24 06:05:53 +00:00:    Node: v22.20.0
2026-06-24 06:05:53 +00:00: 
2026-06-24 06:05:53 +00:00: ✅ Worker is running and ready to process jobs
2026-06-24 06:05:53 +00:00:    Press Ctrl+C to stop.
2026-06-24 06:05:53 +00:00: 
2026-06-29 18:43:32 +00:00: 
2026-06-29 18:43:32 +00:00: > nextn@0.1.0 worker
2026-06-29 18:43:32 +00:00: > tsx scripts/start-worker.ts
2026-06-29 18:43:32 +00:00: 
2026-06-29 18:43:34 +00:00: 🚀 Starting HRIMS Sync Worker...
2026-06-29 18:43:34 +00:00:    Time: 2026-06-29T18:43:34.239Z
2026-06-29 18:43:34 +00:00:    Node: v22.20.0
2026-06-29 18:43:34 +00:00: 
2026-06-29 18:43:34 +00:00: ✅ Worker is running and ready to process jobs
2026-06-29 18:43:34 +00:00:    Press Ctrl+C to stop.
2026-06-29 18:43:34 +00:00: 
2026-07-06 15:50:32 +00:00: 
2026-07-06 15:50:32 +00:00: > nextn@0.1.0 worker
2026-07-06 15:50:32 +00:00: > tsx scripts/start-worker.ts
2026-07-06 15:50:32 +00:00: 
2026-07-06 15:50:33 +00:00: 🚀 Starting HRIMS Sync Worker...
2026-07-06 15:50:33 +00:00:    Time: 2026-07-06T15:50:33.252Z
2026-07-06 15:50:33 +00:00:    Node: v22.20.0
2026-07-06 15:50:33 +00:00: 
2026-07-06 15:50:33 +00:00: ✅ Worker is running and ready to process jobs
2026-07-06 15:50:33 +00:00:    Press Ctrl+C to stop.
2026-07-06 15:50:33 +00:00: 
2026-07-06 15:54:51 +00:00: 
2026-07-06 15:54:51 +00:00: ⏹️  Shutting down worker...
2026-07-06 15:54:51 +00:00: ✅ Worker shut down gracefully
